Starting backtrader portfolio backtesting...
Backtesting GEM5 on 1...
2021-05-04, Initialized strategy with slippage buffer: 0.03, warmup: 127, lookback: 127, trailing stop: 5.0%
2019-11-01, Warmup period complete. Starting trading with 127 bars of data.
2019-12-04, Portfolio function message: INFO: GEM - No qualified risky assets; holding cash.
Backtesting GEM5 on 2...
2020-06-03, Initialized strategy with slippage buffer: 0.03, warmup: 127, lookback: 127, trailing stop: 5.0%
2018-11-30, Warmup period complete. Starting trading with 127 bars of data.
2019-12-04, Portfolio function message: INFO: GEM - No qualified risky assets; holding cash.
Backtesting GEM5 on 3...
2022-02-14, Initialized strategy with slippage buffer: 0.03, warmup: 127, lookback: 127, trailing stop: 5.0%
2020-08-17, Warmup period complete. Starting trading with 127 bars of data.
Backtesting GEM5 on 4...
2023-07-13, Initialized strategy with slippage buffer: 0.03, warmup: 127, lookback: 127, trailing stop: 5.0%
2022-01-10, Warmup period complete. Starting trading with 127 bars of data.
2022-07-05, Portfolio function message: INFO: GEM - No qualified risky assets; holding cash.
2022-07-14, Portfolio function message: INFO: GEM - No qualified risky assets; holding cash.
2022-07-26, Order UNG to be cancelled, status: MARGIN
2022-10-12, Portfolio function message: INFO: GEM - No qualified risky assets; holding cash.
Backtesting GEM5 on 5...
2019-05-16, Initialized strategy with slippage buffer: 0.03, warmup: 127, lookback: 127, trailing stop: 5.0%
2017-11-13, Warmup period complete. Starting trading with 127 bars of data.
Backtesting GEM5 on 6...
2021-10-19, Initialized strategy with slippage buffer: 0.03, warmup: 127, lookback: 127, trailing stop: 5.0%
2020-04-22, Warmup period complete. Starting trading with 127 bars of data.
Backtesting GEM5 on 7...
2017-10-23, Initialized strategy with slippage buffer: 0.03, warmup: 127, lookback: 127, trailing stop: 5.0%
2016-04-26, Warmup period complete. Starting trading with 127 bars of data.
Backtesting GEM5 on 8...
2016-08-29, Initialized strategy with slippage buffer: 0.03, warmup: 127, lookback: 127, trailing stop: 5.0%
2015-03-03, Warmup period complete. Starting trading with 127 bars of data.
2015-07-02, Portfolio function message: INFO: GEM - No qualified risky assets; holding cash.
2015-08-03, Portfolio function message: INFO: GEM - No qualified risky assets; holding cash.
2015-09-01, Portfolio function message: INFO: GEM - No qualified risky assets; holding cash.
2015-09-11, Portfolio function message: INFO: GEM - No qualified risky assets; holding cash.
2015-09-22, Portfolio function message: INFO: GEM - No qualified risky assets; holding cash.
2015-11-19, Portfolio function message: INFO: GEM - No qualified risky assets; holding cash.
2016-01-12, Portfolio function message: INFO: GEM - No qualified risky assets; holding cash.
Backtesting GEM5 on 9...
2018-07-27, Initialized strategy with slippage buffer: 0.03, warmup: 127, lookback: 127, trailing stop: 5.0%
2017-01-27, Warmup period complete. Starting trading with 127 bars of data.
2018-02-08, Portfolio function message: INFO: GEM - No qualified risky assets; holding cash.
Backtesting GEM5 on 10...
2016-04-19, Initialized strategy with slippage buffer: 0.03, warmup: 127, lookback: 127, trailing stop: 5.0%
2014-10-17, Warmup period complete. Starting trading with 127 bars of data.
2015-03-12, Portfolio function message: INFO: GEM - No qualified risky assets; holding cash.
2015-08-31, Portfolio function message: INFO: GEM - No qualified risky assets; holding cash.
2015-09-10, Portfolio function message: INFO: GEM - No qualified risky assets; holding cash.
2015-11-18, Portfolio function message: INFO: GEM - No qualified risky assets; holding cash.
2015-12-30, Portfolio function message: INFO: GEM - No qualified risky assets; holding cash.
Backtesting GEM5 on 11...
2019-01-15, Initialized strategy with slippage buffer: 0.03, warmup: 127, lookback: 127, trailing stop: 5.0%
2017-07-17, Warmup period complete. Starting trading with 127 bars of data.
Backtesting GEM5 on 12...
2023-09-18, Initialized strategy with slippage buffer: 0.03, warmup: 127, lookback: 127, trailing stop: 5.0%
2022-03-17, Warmup period complete. Starting trading with 127 bars of data.
2022-06-29, Portfolio function message: INFO: GEM - No qualified risky assets; holding cash.
2022-07-11, Portfolio function message: INFO: GEM - No qualified risky assets; holding cash.
2022-07-20, Portfolio function message: INFO: GEM - No qualified risky assets; holding cash.
Backtesting GEM5 on 13...
2021-05-14, Initialized strategy with slippage buffer: 0.03, warmup: 127, lookback: 127, trailing stop: 5.0%
2019-11-13, Warmup period complete. Starting trading with 127 bars of data.
Backtesting GEM5 on 14...
2019-03-07, Initialized strategy with slippage buffer: 0.03, warmup: 127, lookback: 127, trailing stop: 5.0%
2017-09-05, Warmup period complete. Starting trading with 127 bars of data.
Backtesting GEM5 on 15...
2017-07-26, Initialized strategy with slippage buffer: 0.03, warmup: 127, lookback: 127, trailing stop: 5.0%
2016-01-27, Warmup period complete. Starting trading with 127 bars of data.
Backtesting GEM5 on 16...
2025-10-08, Initialized strategy with slippage buffer: 0.03, warmup: 127, lookback: 127, trailing stop: 5.0%
2024-04-08, Warmup period complete. Starting trading with 127 bars of data.
2024-12-27, Portfolio function message: INFO: GEM - No qualified risky assets; holding cash.
Backtesting GEM5 on 17...
2018-12-31, Initialized strategy with slippage buffer: 0.03, warmup: 127, lookback: 127, trailing stop: 5.0%
2017-06-30, Warmup period complete. Starting trading with 127 bars of data.
2018-02-12, Portfolio function message: INFO: GEM - No qualified risky assets; holding cash.
2018-11-30, Portfolio function message: INFO: GEM - No qualified risky assets; holding cash.
Backtesting GEM5 on 18...
2020-08-07, Initialized strategy with slippage buffer: 0.03, warmup: 127, lookback: 127, trailing stop: 5.0%
2019-02-08, Warmup period complete. Starting trading with 127 bars of data.
2020-05-01, Portfolio function message: INFO: GEM - No qualified risky assets; holding cash.
Backtesting GEM5 on 19...
2015-04-14, Initialized strategy with slippage buffer: 0.03, warmup: 127, lookback: 127, trailing stop: 5.0%
2013-10-11, Warmup period complete. Starting trading with 127 bars of data.
2014-09-24, Portfolio function message: INFO: GEM - No qualified risky assets; holding cash.
Backtesting GEM5 on 20...
2017-03-16, Initialized strategy with slippage buffer: 0.03, warmup: 127, lookback: 127, trailing stop: 5.0%
2015-09-16, Warmup period complete. Starting trading with 127 bars of data.
2015-09-17, Portfolio function message: INFO: GEM - No qualified risky assets; holding cash.
2015-09-28, Portfolio function message: INFO: GEM - No qualified risky assets; holding cash.
2015-10-07, Portfolio function message: INFO: GEM - No qualified risky assets; holding cash.
2015-11-16, Portfolio function message: INFO: GEM - No qualified risky assets; holding cash.
2015-12-16, Portfolio function message: INFO: GEM - No qualified risky assets; holding cash.
2015-12-28, Portfolio function message: INFO: GEM - No qualified risky assets; holding cash.
2016-01-07, Portfolio function message: INFO: GEM - No qualified risky assets; holding cash.
Backtesting GEM5 on 21...
2015-04-02, Initialized strategy with slippage buffer: 0.03, warmup: 127, lookback: 127, trailing stop: 5.0%
2013-10-02, Warmup period complete. Starting trading with 127 bars of data.
2014-09-24, Portfolio function message: INFO: GEM - No qualified risky assets; holding cash.
Backtesting GEM5 on 22...
2019-02-26, Initialized strategy with slippage buffer: 0.03, warmup: 127, lookback: 127, trailing stop: 5.0%
2017-08-24, Warmup period complete. Starting trading with 127 bars of data.
Backtesting GEM5 on 23...
2019-12-06, Initialized strategy with slippage buffer: 0.03, warmup: 127, lookback: 127, trailing stop: 5.0%
2018-06-08, Warmup period complete. Starting trading with 127 bars of data.
Backtesting GEM5 on 24...
2019-03-19, Initialized strategy with slippage buffer: 0.03, warmup: 127, lookback: 127, trailing stop: 5.0%
2017-09-15, Warmup period complete. Starting trading with 127 bars of data.
2018-10-29, Order CANE to be cancelled, status: MARGIN
2018-11-16, Order UNG to be cancelled, status: MARGIN
Backtesting GEM5 on 25...
2023-07-03, Initialized strategy with slippage buffer: 0.03, warmup: 127, lookback: 127, trailing stop: 5.0%
2021-12-30, Warmup period complete. Starting trading with 127 bars of data.
2022-07-05, Portfolio function message: INFO: GEM - No qualified risky assets; holding cash.
2022-07-14, Portfolio function message: INFO: GEM - No qualified risky assets; holding cash.
2022-07-26, Order UNG to be cancelled, status: MARGIN
2022-10-12, Portfolio function message: INFO: GEM - No qualified risky assets; holding cash.
Backtesting GEM5 on 26...
2022-06-15, Initialized strategy with slippage buffer: 0.03, warmup: 127, lookback: 127, trailing stop: 5.0%
2020-12-15, Warmup period complete. Starting trading with 127 bars of data.
Backtesting GEM5 on 27...
2020-05-04, Initialized strategy with slippage buffer: 0.03, warmup: 127, lookback: 127, trailing stop: 5.0%
2018-10-31, Warmup period complete. Starting trading with 127 bars of data.
2019-12-04, Portfolio function message: INFO: GEM - No qualified risky assets; holding cash.
Backtesting GEM5 on 28...
2016-12-23, Initialized strategy with slippage buffer: 0.03, warmup: 127, lookback: 127, trailing stop: 5.0%
2015-06-29, Warmup period complete. Starting trading with 127 bars of data.
2015-08-10, Portfolio function message: INFO: GEM - No qualified risky assets; holding cash.
2015-08-19, Portfolio function message: INFO: GEM - No qualified risky assets; holding cash.
2015-08-28, Portfolio function message: INFO: GEM - No qualified risky assets; holding cash.
2015-11-17, Portfolio function message: INFO: GEM - No qualified risky assets; holding cash.
2015-12-17, Portfolio function message: INFO: GEM - No qualified risky assets; holding cash.
2015-12-29, Portfolio function message: INFO: GEM - No qualified risky assets; holding cash.
2016-01-08, Portfolio function message: INFO: GEM - No qualified risky assets; holding cash.
Backtesting GEM5 on 29...
2016-04-04, Initialized strategy with slippage buffer: 0.03, warmup: 127, lookback: 127, trailing stop: 5.0%
2014-10-02, Warmup period complete. Starting trading with 127 bars of data.
2015-07-07, Portfolio function message: INFO: GEM - No qualified risky assets; holding cash.
2015-08-14, Portfolio function message: INFO: GEM - No qualified risky assets; holding cash.
2015-09-03, Portfolio function message: INFO: GEM - No qualified risky assets; holding cash.
2015-09-24, Portfolio function message: INFO: GEM - No qualified risky assets; holding cash.
2015-10-14, Portfolio function message: INFO: GEM - No qualified risky assets; holding cash.
2015-11-12, Portfolio function message: INFO: GEM - No qualified risky assets; holding cash.
2016-01-05, Portfolio function message: INFO: GEM - No qualified risky assets; holding cash.
Backtesting GEM5 on 30...
2018-07-06, Initialized strategy with slippage buffer: 0.03, warmup: 127, lookback: 127, trailing stop: 5.0%
2017-01-05, Warmup period complete. Starting trading with 127 bars of data.
Backtesting GEM5 on 31...
2020-05-14, Initialized strategy with slippage buffer: 0.03, warmup: 127, lookback: 127, trailing stop: 5.0%
2018-11-12, Warmup period complete. Starting trading with 127 bars of data.
2018-11-14, Order UNG to be cancelled, status: MARGIN
2019-02-15, Portfolio function message: INFO: GEM - No qualified risky assets; holding cash.
Backtesting GEM5 on 32...
2017-09-28, Initialized strategy with slippage buffer: 0.03, warmup: 127, lookback: 127, trailing stop: 5.0%
2016-04-01, Warmup period complete. Starting trading with 127 bars of data.
Backtesting GEM5 on 33...
2020-03-19, Initialized strategy with slippage buffer: 0.03, warmup: 127, lookback: 127, trailing stop: 5.0%
2018-09-18, Warmup period complete. Starting trading with 127 bars of data.
Backtesting GEM5 on 34...
2017-06-09, Initialized strategy with slippage buffer: 0.03, warmup: 127, lookback: 127, trailing stop: 5.0%
2015-12-09, Warmup period complete. Starting trading with 127 bars of data.
2016-01-12, Portfolio function message: INFO: GEM - No qualified risky assets; holding cash.
Backtesting GEM5 on 35...
2021-08-26, Initialized strategy with slippage buffer: 0.03, warmup: 127, lookback: 127, trailing stop: 5.0%
2020-02-28, Warmup period complete. Starting trading with 127 bars of data.
Backtesting GEM5 on 36...
2017-09-18, Initialized strategy with slippage buffer: 0.03, warmup: 127, lookback: 127, trailing stop: 5.0%
2016-03-21, Warmup period complete. Starting trading with 127 bars of data.
Backtesting GEM5 on 37...
2015-12-28, Initialized strategy with slippage buffer: 0.03, warmup: 127, lookback: 127, trailing stop: 5.0%
2014-06-30, Warmup period complete. Starting trading with 127 bars of data.
2014-09-30, Portfolio function message: INFO: GEM - No qualified risky assets; holding cash.
2015-03-12, Portfolio function message: INFO: GEM - No qualified risky assets; holding cash.
2015-08-31, Portfolio function message: INFO: GEM - No qualified risky assets; holding cash.
2015-09-10, Portfolio function message: INFO: GEM - No qualified risky assets; holding cash.
2015-11-18, Portfolio function message: INFO: GEM - No qualified risky assets; holding cash.
Backtesting GEM5 on 38...
2021-09-02, Initialized strategy with slippage buffer: 0.03, warmup: 127, lookback: 127, trailing stop: 5.0%
2020-03-06, Warmup period complete. Starting trading with 127 bars of data.
Backtesting GEM5 on 39...
2017-01-19, Initialized strategy with slippage buffer: 0.03, warmup: 127, lookback: 127, trailing stop: 5.0%
2015-07-22, Warmup period complete. Starting trading with 127 bars of data.
2015-08-03, Portfolio function message: INFO: GEM - No qualified risky assets; holding cash.
2015-09-01, Portfolio function message: INFO: GEM - No qualified risky assets; holding cash.
2015-09-11, Portfolio function message: INFO: GEM - No qualified risky assets; holding cash.
2015-09-22, Portfolio function message: INFO: GEM - No qualified risky assets; holding cash.
2015-11-19, Portfolio function message: INFO: GEM - No qualified risky assets; holding cash.
2016-01-12, Portfolio function message: INFO: GEM - No qualified risky assets; holding cash.
Backtesting GEM5 on 40...
2015-02-18, Initialized strategy with slippage buffer: 0.03, warmup: 127, lookback: 127, trailing stop: 5.0%
2013-08-19, Warmup period complete. Starting trading with 127 bars of data.
2014-09-30, Portfolio function message: INFO: GEM - No qualified risky assets; holding cash.
Backtesting GEM5 on 41...
2017-06-13, Initialized strategy with slippage buffer: 0.03, warmup: 127, lookback: 127, trailing stop: 5.0%
2015-12-11, Warmup period complete. Starting trading with 127 bars of data.
2016-01-05, Portfolio function message: INFO: GEM - No qualified risky assets; holding cash.
Backtesting GEM5 on 42...
2020-04-03, Initialized strategy with slippage buffer: 0.03, warmup: 127, lookback: 127, trailing stop: 5.0%
2018-10-03, Warmup period complete. Starting trading with 127 bars of data.
2018-11-14, Order UNG to be cancelled, status: MARGIN
2019-02-15, Portfolio function message: INFO: GEM - No qualified risky assets; holding cash.
Backtesting GEM5 on 43...
2019-07-11, Initialized strategy with slippage buffer: 0.03, warmup: 127, lookback: 127, trailing stop: 5.0%
2018-01-09, Warmup period complete. Starting trading with 127 bars of data.
2018-02-09, Portfolio function message: INFO: GEM - No qualified risky assets; holding cash.
2018-08-01, Portfolio function message: INFO: GEM - No qualified risky assets; holding cash.
2018-10-30, Portfolio function message: INFO: GEM - No qualified risky assets; holding cash.
2018-11-09, Order UNG to be cancelled, status: MARGIN
Backtesting GEM5 on 44...
2025-03-26, Initialized strategy with slippage buffer: 0.03, warmup: 127, lookback: 127, trailing stop: 5.0%
2023-09-22, Warmup period complete. Starting trading with 127 bars of data.
Backtesting GEM5 on 45...
2015-07-27, Initialized strategy with slippage buffer: 0.03, warmup: 127, lookback: 127, trailing stop: 5.0%
2014-01-27, Warmup period complete. Starting trading with 127 bars of data.
2015-06-09, Portfolio function message: INFO: GEM - No qualified risky assets; holding cash.
Backtesting GEM5 on 46...
2017-11-14, Initialized strategy with slippage buffer: 0.03, warmup: 127, lookback: 127, trailing stop: 5.0%
2016-05-18, Warmup period complete. Starting trading with 127 bars of data.
Backtesting GEM5 on 47...
2024-03-25, Initialized strategy with slippage buffer: 0.03, warmup: 127, lookback: 127, trailing stop: 5.0%
2022-09-22, Warmup period complete. Starting trading with 127 bars of data.
Backtesting GEM5 on 48...
2016-05-06, Initialized strategy with slippage buffer: 0.03, warmup: 127, lookback: 127, trailing stop: 5.0%
2014-11-05, Warmup period complete. Starting trading with 127 bars of data.
2015-03-11, Portfolio function message: INFO: GEM - No qualified risky assets; holding cash.
2015-06-10, Portfolio function message: INFO: GEM - No qualified risky assets; holding cash.
2015-08-10, Portfolio function message: INFO: GEM - No qualified risky assets; holding cash.
2015-08-19, Portfolio function message: INFO: GEM - No qualified risky assets; holding cash.
2015-08-28, Portfolio function message: INFO: GEM - No qualified risky assets; holding cash.
2015-11-17, Portfolio function message: INFO: GEM - No qualified risky assets; holding cash.
2015-12-17, Portfolio function message: INFO: GEM - No qualified risky assets; holding cash.
2015-12-29, Portfolio function message: INFO: GEM - No qualified risky assets; holding cash.
2016-01-08, Portfolio function message: INFO: GEM - No qualified risky assets; holding cash.
Backtesting GEM5 on 49...
2016-04-07, Initialized strategy with slippage buffer: 0.03, warmup: 127, lookback: 127, trailing stop: 5.0%
2014-10-07, Warmup period complete. Starting trading with 127 bars of data.
2015-03-11, Portfolio function message: INFO: GEM - No qualified risky assets; holding cash.
2015-06-10, Portfolio function message: INFO: GEM - No qualified risky assets; holding cash.
2015-08-10, Portfolio function message: INFO: GEM - No qualified risky assets; holding cash.
2015-08-19, Portfolio function message: INFO: GEM - No qualified risky assets; holding cash.
2015-08-28, Portfolio function message: INFO: GEM - No qualified risky assets; holding cash.
2015-11-17, Portfolio function message: INFO: GEM - No qualified risky assets; holding cash.
2015-12-17, Portfolio function message: INFO: GEM - No qualified risky assets; holding cash.
2015-12-29, Portfolio function message: INFO: GEM - No qualified risky assets; holding cash.
2016-01-08, Portfolio function message: INFO: GEM - No qualified risky assets; holding cash.
Backtesting GEM5 on 50...
2018-11-29, Initialized strategy with slippage buffer: 0.03, warmup: 127, lookback: 127, trailing stop: 5.0%
2017-06-02, Warmup period complete. Starting trading with 127 bars of data.
Backtesting GEM5 on 51...
2022-05-05, Initialized strategy with slippage buffer: 0.03, warmup: 127, lookback: 127, trailing stop: 5.0%
2020-11-04, Warmup period complete. Starting trading with 127 bars of data.
Backtesting GEM5 on 52...
2022-02-15, Initialized strategy with slippage buffer: 0.03, warmup: 127, lookback: 127, trailing stop: 5.0%
2020-08-18, Warmup period complete. Starting trading with 127 bars of data.
Backtesting GEM5 on 53...
2021-07-20, Initialized strategy with slippage buffer: 0.03, warmup: 127, lookback: 127, trailing stop: 5.0%
2020-01-21, Warmup period complete. Starting trading with 127 bars of data.
2020-05-01, Portfolio function message: INFO: GEM - No qualified risky assets; holding cash.
Backtesting GEM5 on 54...
2018-07-12, Initialized strategy with slippage buffer: 0.03, warmup: 127, lookback: 127, trailing stop: 5.0%
2017-01-11, Warmup period complete. Starting trading with 127 bars of data.
Backtesting GEM5 on 55...
2016-08-25, Initialized strategy with slippage buffer: 0.03, warmup: 127, lookback: 127, trailing stop: 5.0%
2015-02-27, Warmup period complete. Starting trading with 127 bars of data.
2015-03-11, Portfolio function message: INFO: GEM - No qualified risky assets; holding cash.
2015-06-10, Portfolio function message: INFO: GEM - No qualified risky assets; holding cash.
2015-08-10, Portfolio function message: INFO: GEM - No qualified risky assets; holding cash.
2015-08-19, Portfolio function message: INFO: GEM - No qualified risky assets; holding cash.
2015-08-28, Portfolio function message: INFO: GEM - No qualified risky assets; holding cash.
2015-11-17, Portfolio function message: INFO: GEM - No qualified risky assets; holding cash.
2015-12-17, Portfolio function message: INFO: GEM - No qualified risky assets; holding cash.
2015-12-29, Portfolio function message: INFO: GEM - No qualified risky assets; holding cash.
2016-01-08, Portfolio function message: INFO: GEM - No qualified risky assets; holding cash.
Backtesting GEM5 on 56...
2021-01-14, Initialized strategy with slippage buffer: 0.03, warmup: 127, lookback: 127, trailing stop: 5.0%
2019-07-18, Warmup period complete. Starting trading with 127 bars of data.
2020-04-08, Portfolio function message: INFO: GEM - No qualified risky assets; holding cash.
Backtesting GEM5 on 57...
2016-07-20, Initialized strategy with slippage buffer: 0.03, warmup: 127, lookback: 127, trailing stop: 5.0%
2015-01-21, Warmup period complete. Starting trading with 127 bars of data.
2015-07-02, Portfolio function message: INFO: GEM - No qualified risky assets; holding cash.
2015-08-03, Portfolio function message: INFO: GEM - No qualified risky assets; holding cash.
2015-09-01, Portfolio function message: INFO: GEM - No qualified risky assets; holding cash.
2015-09-11, Portfolio function message: INFO: GEM - No qualified risky assets; holding cash.
2015-09-22, Portfolio function message: INFO: GEM - No qualified risky assets; holding cash.
2015-11-19, Portfolio function message: INFO: GEM - No qualified risky assets; holding cash.
2016-01-12, Portfolio function message: INFO: GEM - No qualified risky assets; holding cash.
Backtesting GEM5 on 58...
2019-06-28, Initialized strategy with slippage buffer: 0.03, warmup: 127, lookback: 127, trailing stop: 5.0%
2017-12-27, Warmup period complete. Starting trading with 127 bars of data.
2018-02-08, Portfolio function message: INFO: GEM - No qualified risky assets; holding cash.
Backtesting GEM5 on 59...
2016-12-29, Initialized strategy with slippage buffer: 0.03, warmup: 127, lookback: 127, trailing stop: 5.0%
2015-07-02, Warmup period complete. Starting trading with 127 bars of data.
2015-09-23, Portfolio function message: INFO: GEM - No qualified risky assets; holding cash.
2016-01-04, Portfolio function message: INFO: GEM - No qualified risky assets; holding cash.
Backtesting GEM5 on 60...
2021-01-26, Initialized strategy with slippage buffer: 0.03, warmup: 127, lookback: 127, trailing stop: 5.0%
2019-07-29, Warmup period complete. Starting trading with 127 bars of data.
2020-04-08, Portfolio function message: INFO: GEM - No qualified risky assets; holding cash.
Backtesting GEM5 on 61...
2017-01-05, Initialized strategy with slippage buffer: 0.03, warmup: 127, lookback: 127, trailing stop: 5.0%
2015-07-09, Warmup period complete. Starting trading with 127 bars of data.
2015-08-10, Portfolio function message: INFO: GEM - No qualified risky assets; holding cash.
2015-08-19, Portfolio function message: INFO: GEM - No qualified risky assets; holding cash.
2015-08-28, Portfolio function message: INFO: GEM - No qualified risky assets; holding cash.
2015-11-17, Portfolio function message: INFO: GEM - No qualified risky assets; holding cash.
2015-12-17, Portfolio function message: INFO: GEM - No qualified risky assets; holding cash.
2015-12-29, Portfolio function message: INFO: GEM - No qualified risky assets; holding cash.
2016-01-08, Portfolio function message: INFO: GEM - No qualified risky assets; holding cash.
Backtesting GEM5 on 62...
2018-09-14, Initialized strategy with slippage buffer: 0.03, warmup: 127, lookback: 127, trailing stop: 5.0%
2017-03-17, Warmup period complete. Starting trading with 127 bars of data.
Backtesting GEM5 on 63...
2019-03-14, Initialized strategy with slippage buffer: 0.03, warmup: 127, lookback: 127, trailing stop: 5.0%
2017-09-12, Warmup period complete. Starting trading with 127 bars of data.
Backtesting GEM5 on 64...
2025-01-02, Initialized strategy with slippage buffer: 0.03, warmup: 127, lookback: 127, trailing stop: 5.0%
2023-07-05, Warmup period complete. Starting trading with 127 bars of data.
2023-08-24, Portfolio function message: INFO: GEM - No qualified risky assets; holding cash.
Backtesting GEM5 on 65...
2024-07-12, Initialized strategy with slippage buffer: 0.03, warmup: 127, lookback: 127, trailing stop: 5.0%
2023-01-10, Warmup period complete. Starting trading with 127 bars of data.
2023-08-24, Order TUR to be cancelled, status: MARGIN
Backtesting GEM5 on 66...
2021-01-08, Initialized strategy with slippage buffer: 0.03, warmup: 127, lookback: 127, trailing stop: 5.0%
2019-07-12, Warmup period complete. Starting trading with 127 bars of data.
Backtesting GEM5 on 67...
2023-02-21, Initialized strategy with slippage buffer: 0.03, warmup: 127, lookback: 127, trailing stop: 5.0%
2021-08-20, Warmup period complete. Starting trading with 127 bars of data.
2022-07-05, Portfolio function message: INFO: GEM - No qualified risky assets; holding cash.
2022-07-14, Portfolio function message: INFO: GEM - No qualified risky assets; holding cash.
2022-07-26, Order UNG to be cancelled, status: MARGIN
2022-10-12, Portfolio function message: INFO: GEM - No qualified risky assets; holding cash.
Backtesting GEM5 on 68...
2025-09-26, Initialized strategy with slippage buffer: 0.03, warmup: 127, lookback: 127, trailing stop: 5.0%
2024-03-26, Warmup period complete. Starting trading with 127 bars of data.
Backtesting GEM5 on 69...
2017-07-26, Initialized strategy with slippage buffer: 0.03, warmup: 127, lookback: 127, trailing stop: 5.0%
2016-01-27, Warmup period complete. Starting trading with 127 bars of data.
Backtesting GEM5 on 70...
2018-06-04, Initialized strategy with slippage buffer: 0.03, warmup: 127, lookback: 127, trailing stop: 5.0%
2016-12-01, Warmup period complete. Starting trading with 127 bars of data.
Backtesting GEM5 on 71...
2017-02-17, Initialized strategy with slippage buffer: 0.03, warmup: 127, lookback: 127, trailing stop: 5.0%
2015-08-20, Warmup period complete. Starting trading with 127 bars of data.
2015-09-01, Portfolio function message: INFO: GEM - No qualified risky assets; holding cash.
2015-09-11, Portfolio function message: INFO: GEM - No qualified risky assets; holding cash.
2015-09-22, Portfolio function message: INFO: GEM - No qualified risky assets; holding cash.
2015-11-19, Portfolio function message: INFO: GEM - No qualified risky assets; holding cash.
2016-01-12, Portfolio function message: INFO: GEM - No qualified risky assets; holding cash.
Backtesting GEM5 on 72...
2016-07-19, Initialized strategy with slippage buffer: 0.03, warmup: 127, lookback: 127, trailing stop: 5.0%
2015-01-20, Warmup period complete. Starting trading with 127 bars of data.
2015-03-12, Portfolio function message: INFO: GEM - No qualified risky assets; holding cash.
2015-08-31, Portfolio function message: INFO: GEM - No qualified risky assets; holding cash.
2015-09-10, Portfolio function message: INFO: GEM - No qualified risky assets; holding cash.
2015-11-18, Portfolio function message: INFO: GEM - No qualified risky assets; holding cash.
2015-12-30, Portfolio function message: INFO: GEM - No qualified risky assets; holding cash.
Backtesting GEM5 on 73...
2020-03-31, Initialized strategy with slippage buffer: 0.03, warmup: 127, lookback: 127, trailing stop: 5.0%
2018-09-28, Warmup period complete. Starting trading with 127 bars of data.
2018-10-30, Portfolio function message: INFO: GEM - No qualified risky assets; holding cash.
2018-11-09, Order UNG to be cancelled, status: MARGIN
Backtesting GEM5 on 74...
2019-07-30, Initialized strategy with slippage buffer: 0.03, warmup: 127, lookback: 127, trailing stop: 5.0%
2018-01-29, Warmup period complete. Starting trading with 127 bars of data.
2018-02-08, Portfolio function message: INFO: GEM - No qualified risky assets; holding cash.
Backtesting GEM5 on 75...
2019-03-25, Initialized strategy with slippage buffer: 0.03, warmup: 127, lookback: 127, trailing stop: 5.0%
2017-09-21, Warmup period complete. Starting trading with 127 bars of data.
Backtesting GEM5 on 76...
2016-08-19, Initialized strategy with slippage buffer: 0.03, warmup: 127, lookback: 127, trailing stop: 5.0%
2015-02-23, Warmup period complete. Starting trading with 127 bars of data.
2015-09-23, Portfolio function message: INFO: GEM - No qualified risky assets; holding cash.
2016-01-04, Portfolio function message: INFO: GEM - No qualified risky assets; holding cash.
Backtesting GEM5 on 77...
2019-08-13, Initialized strategy with slippage buffer: 0.03, warmup: 127, lookback: 127, trailing stop: 5.0%
2018-02-12, Warmup period complete. Starting trading with 127 bars of data.
Backtesting GEM5 on 78...
2022-11-18, Initialized strategy with slippage buffer: 0.03, warmup: 127, lookback: 127, trailing stop: 5.0%
2021-05-24, Warmup period complete. Starting trading with 127 bars of data.
2022-07-06, Portfolio function message: INFO: GEM - No qualified risky assets; holding cash.
2022-07-15, Portfolio function message: INFO: GEM - No qualified risky assets; holding cash.
2022-09-06, Order TUR to be cancelled, status: MARGIN
Backtesting GEM5 on 79...
2018-01-08, Initialized strategy with slippage buffer: 0.03, warmup: 127, lookback: 127, trailing stop: 5.0%
2016-07-11, Warmup period complete. Starting trading with 127 bars of data.
Backtesting GEM5 on 80...
2021-10-06, Initialized strategy with slippage buffer: 0.03, warmup: 127, lookback: 127, trailing stop: 5.0%
2020-04-08, Warmup period complete. Starting trading with 127 bars of data.
Backtesting GEM5 on 81...
2023-04-26, Initialized strategy with slippage buffer: 0.03, warmup: 127, lookback: 127, trailing stop: 5.0%
2021-10-25, Warmup period complete. Starting trading with 127 bars of data.
2022-06-28, Portfolio function message: INFO: GEM - No qualified risky assets; holding cash.
2022-07-08, Portfolio function message: INFO: GEM - No qualified risky assets; holding cash.
2022-07-19, Portfolio function message: INFO: GEM - No qualified risky assets; holding cash.
2022-08-08, Portfolio function message: INFO: GEM - No qualified risky assets; holding cash.
Backtesting GEM5 on 82...
2016-12-08, Initialized strategy with slippage buffer: 0.03, warmup: 127, lookback: 127, trailing stop: 5.0%
2015-06-12, Warmup period complete. Starting trading with 127 bars of data.
2015-09-23, Portfolio function message: INFO: GEM - No qualified risky assets; holding cash.
2016-01-04, Portfolio function message: INFO: GEM - No qualified risky assets; holding cash.
Backtesting GEM5 on 83...
2021-05-18, Initialized strategy with slippage buffer: 0.03, warmup: 127, lookback: 127, trailing stop: 5.0%
2019-11-15, Warmup period complete. Starting trading with 127 bars of data.
Backtesting GEM5 on 84...
2019-07-25, Initialized strategy with slippage buffer: 0.03, warmup: 127, lookback: 127, trailing stop: 5.0%
2018-01-24, Warmup period complete. Starting trading with 127 bars of data.
2018-06-26, Portfolio function message: INFO: GEM - No qualified risky assets; holding cash.
2018-09-14, Portfolio function message: INFO: GEM - No qualified risky assets; holding cash.
2018-11-14, Order UNG to be cancelled, status: MARGIN
2019-02-15, Portfolio function message: INFO: GEM - No qualified risky assets; holding cash.
Backtesting GEM5 on 85...
2025-05-13, Initialized strategy with slippage buffer: 0.03, warmup: 127, lookback: 127, trailing stop: 5.0%
2023-11-08, Warmup period complete. Starting trading with 127 bars of data.
Backtesting GEM5 on 86...
2016-07-06, Initialized strategy with slippage buffer: 0.03, warmup: 127, lookback: 127, trailing stop: 5.0%
2015-01-06, Warmup period complete. Starting trading with 127 bars of data.
2015-06-09, Portfolio function message: INFO: GEM - No qualified risky assets; holding cash.
2015-08-18, Portfolio function message: INFO: GEM - No qualified risky assets; holding cash.
2015-09-17, Portfolio function message: INFO: GEM - No qualified risky assets; holding cash.
2015-09-28, Portfolio function message: INFO: GEM - No qualified risky assets; holding cash.
2015-10-07, Portfolio function message: INFO: GEM - No qualified risky assets; holding cash.
2015-11-16, Portfolio function message: INFO: GEM - No qualified risky assets; holding cash.
2015-12-16, Portfolio function message: INFO: GEM - No qualified risky assets; holding cash.
2015-12-28, Portfolio function message: INFO: GEM - No qualified risky assets; holding cash.
2016-01-07, Portfolio function message: INFO: GEM - No qualified risky assets; holding cash.
Backtesting GEM5 on 87...
2022-05-27, Initialized strategy with slippage buffer: 0.03, warmup: 127, lookback: 127, trailing stop: 5.0%
2020-11-27, Warmup period complete. Starting trading with 127 bars of data.
Backtesting GEM5 on 88...
2017-06-16, Initialized strategy with slippage buffer: 0.03, warmup: 127, lookback: 127, trailing stop: 5.0%
2015-12-16, Warmup period complete. Starting trading with 127 bars of data.
2015-12-17, Portfolio function message: INFO: GEM - No qualified risky assets; holding cash.
2015-12-29, Portfolio function message: INFO: GEM - No qualified risky assets; holding cash.
2016-01-08, Portfolio function message: INFO: GEM - No qualified risky assets; holding cash.
Backtesting GEM5 on 89...
2023-08-01, Initialized strategy with slippage buffer: 0.03, warmup: 127, lookback: 127, trailing stop: 5.0%
2022-01-28, Warmup period complete. Starting trading with 127 bars of data.
2022-06-22, Portfolio function message: INFO: GEM - No qualified risky assets; holding cash.
2022-07-13, Portfolio function message: INFO: GEM - No qualified risky assets; holding cash.
Backtesting GEM5 on 90...
2019-01-16, Initialized strategy with slippage buffer: 0.03, warmup: 127, lookback: 127, trailing stop: 5.0%
2017-07-18, Warmup period complete. Starting trading with 127 bars of data.
2018-10-29, Order CANE to be cancelled, status: MARGIN
2018-11-16, Order UNG to be cancelled, status: MARGIN
Backtesting GEM5 on 91...
2020-04-03, Initialized strategy with slippage buffer: 0.03, warmup: 127, lookback: 127, trailing stop: 5.0%
2018-10-03, Warmup period complete. Starting trading with 127 bars of data.
2018-11-14, Order UNG to be cancelled, status: MARGIN
2019-02-15, Portfolio function message: INFO: GEM - No qualified risky assets; holding cash.
Backtesting GEM5 on 92...
2022-02-18, Initialized strategy with slippage buffer: 0.03, warmup: 127, lookback: 127, trailing stop: 5.0%
2020-08-21, Warmup period complete. Starting trading with 127 bars of data.
Backtesting GEM5 on 93...
2016-12-01, Initialized strategy with slippage buffer: 0.03, warmup: 127, lookback: 127, trailing stop: 5.0%
2015-06-05, Warmup period complete. Starting trading with 127 bars of data.
2015-06-08, Portfolio function message: INFO: GEM - No qualified risky assets; holding cash.
2015-06-26, Portfolio function message: INFO: GEM - No qualified risky assets; holding cash.
2015-07-28, Portfolio function message: INFO: GEM - No qualified risky assets; holding cash.
2015-08-17, Portfolio function message: INFO: GEM - No qualified risky assets; holding cash.
2015-09-16, Portfolio function message: INFO: GEM - No qualified risky assets; holding cash.
2015-09-25, Portfolio function message: INFO: GEM - No qualified risky assets; holding cash.
2015-11-13, Portfolio function message: INFO: GEM - No qualified risky assets; holding cash.
2015-12-24, Portfolio function message: INFO: GEM - No qualified risky assets; holding cash.
2016-01-06, Portfolio function message: INFO: GEM - No qualified risky assets; holding cash.
2016-01-15, Portfolio function message: INFO: GEM - No qualified risky assets; holding cash.
Backtesting GEM5 on 94...
2017-10-03, Initialized strategy with slippage buffer: 0.03, warmup: 127, lookback: 127, trailing stop: 5.0%
2016-04-06, Warmup period complete. Starting trading with 127 bars of data.
Backtesting GEM5 on 95...
2018-01-29, Initialized strategy with slippage buffer: 0.03, warmup: 127, lookback: 127, trailing stop: 5.0%
2016-07-29, Warmup period complete. Starting trading with 127 bars of data.
Backtesting GEM5 on 96...
2015-06-22, Initialized strategy with slippage buffer: 0.03, warmup: 127, lookback: 127, trailing stop: 5.0%
2013-12-19, Warmup period complete. Starting trading with 127 bars of data.
2014-09-23, Portfolio function message: INFO: GEM - No qualified risky assets; holding cash.
Backtesting GEM5 on 97...
2015-12-24, Initialized strategy with slippage buffer: 0.03, warmup: 127, lookback: 127, trailing stop: 5.0%
2014-06-27, Warmup period complete. Starting trading with 127 bars of data.
2014-09-29, Portfolio function message: INFO: GEM - No qualified risky assets; holding cash.
2015-03-11, Portfolio function message: INFO: GEM - No qualified risky assets; holding cash.
2015-06-10, Portfolio function message: INFO: GEM - No qualified risky assets; holding cash.
2015-08-10, Portfolio function message: INFO: GEM - No qualified risky assets; holding cash.
2015-08-19, Portfolio function message: INFO: GEM - No qualified risky assets; holding cash.
2015-08-28, Portfolio function message: INFO: GEM - No qualified risky assets; holding cash.
2015-11-17, Portfolio function message: INFO: GEM - No qualified risky assets; holding cash.
2015-12-17, Portfolio function message: INFO: GEM - No qualified risky assets; holding cash.
Backtesting GEM5 on 98...
2015-08-05, Initialized strategy with slippage buffer: 0.03, warmup: 127, lookback: 127, trailing stop: 5.0%
2014-02-05, Warmup period complete. Starting trading with 127 bars of data.
2015-06-09, Portfolio function message: INFO: GEM - No qualified risky assets; holding cash.
Backtesting GEM5 on 99...
2015-01-21, Initialized strategy with slippage buffer: 0.03, warmup: 127, lookback: 127, trailing stop: 5.0%
2013-07-23, Warmup period complete. Starting trading with 127 bars of data.
2014-09-23, Portfolio function message: INFO: GEM - No qualified risky assets; holding cash.
Backtesting GEM5 on 100...
2015-07-10, Initialized strategy with slippage buffer: 0.03, warmup: 127, lookback: 127, trailing stop: 5.0%
2014-01-09, Warmup period complete. Starting trading with 127 bars of data.
2014-10-01, Portfolio function message: INFO: GEM - No qualified risky assets; holding cash.
2015-07-02, Portfolio function message: INFO: GEM - No qualified risky assets; holding cash.
Backtesting completed for 1 strategies on 100 datasets.
